#
# There is insufficient memory for the Java Runtime Environment to continue.
# Native memory allocation (malloc) failed to allocate 32744 bytes. Error detail: Chunk::new
# Possible reasons:
#   The system is out of physical RAM or swap space
#   This process is running with CompressedOops enabled, and the Java Heap may be blocking the growth of the native heap
# Possible solutions:
#   Reduce memory load on the system
#   Increase physical memory or swap space
#   Check if swap backing store is full
#   Decrease Java heap size (-Xmx/-Xms)
#   Decrease number of Java threads
#   Decrease Java thread stack sizes (-Xss)
#   Set larger code cache with -XX:ReservedCodeCacheSize=
#   JVM is running with Unscaled Compressed Oops mode in which the Java heap is
#     placed in the first 4GB address space. The Java Heap base address is the
#     maximum limit for the native heap growth. Please use -XX:HeapBaseMinAddress
#     to set the Java Heap base and to place the Java Heap above 4GB virtual address.
# This output file may be truncated or incomplete.
#
#  Out of Memory Error (arena.cpp:168), pid=14008, tid=20416
#
# JRE version: OpenJDK Runtime Environment Temurin-21.0.12.1+1 (21.0.12.1+1) (build 21.0.12.1+1-LTS)
# Java VM: OpenJDK 64-Bit Server VM Temurin-21.0.12.1+1 (21.0.12.1+1-LTS, mixed mode, sharing, tiered, compressed oops, compressed class ptrs, parallel gc, windows-amd64)
# No core dump will be written. Minidumps are not enabled by default on client versions of Windows
#

---------------  S U M M A R Y ------------

Command Line: --add-modules=ALL-SYSTEM --add-opens=java.base/java.util=ALL-UNNAMED --add-opens=java.base/java.lang=ALL-UNNAMED --add-opens=java.base/sun.nio.fs=ALL-UNNAMED -Declipse.application=org.eclipse.jdt.ls.core.id1 -Dosgi.bundles.defaultStartLevel=4 -Declipse.product=org.eclipse.jdt.ls.core.product -Djava.import.generatesMetadataFilesAtProjectRoot=false -Dm2e.project.cache.size=50 -DDetectVMInstallationsJob.disabled=true -Dfile.encoding=utf8 -XX:+UseParallelGC -XX:GCTimeRatio=4 -XX:AdaptiveSizePolicyWeight=90 -Dsun.zip.disableMemoryMapping=true -Xmx2G -Xms100m -Xlog:disable -javaagent:c:\Users\wafaa\.vscode\extensions\redhat.java-1.56.0-win32-x64\lombok\lombok-1.18.39-4050.jar -XX:+HeapDumpOnOutOfMemoryError -XX:HeapDumpPath=c:\Users\wafaa\AppData\Roaming\Code\User\workspaceStorage\2ef2f8c3ad51bfb422bb784cb0a23c4e\redhat.java -Daether.dependencyCollector.impl=bf c:\Users\wafaa\.vscode\extensions\redhat.java-1.56.0-win32-x64\server\plugins\org.eclipse.equinox.launcher_1.8.0.v20260804-1928.jar -configuration c:\Users\wafaa\AppData\Roaming\Code\User\globalStorage\redhat.java\1.56.0\config_win -data c:\Users\wafaa\AppData\Roaming\Code\User\workspaceStorage\2ef2f8c3ad51bfb422bb784cb0a23c4e\redhat.java\jdt_ws --stdio

Host: 11th Gen Intel(R) Core(TM) i3-1115G4 @ 3.00GHz, 4 cores, 7G,  Windows 11 , 64 bit Build 26100 (10.0.26100.9444)
Time: Sat Sep 19 20:16:18 2026 Afr. centrale Ouest elapsed time: 13.719959 seconds (0d 0h 0m 13s)

---------------  T H R E A D  ---------------

Current thread (0x00000139f6f797c0):  JavaThread "C2 CompilerThread0" daemon [_thread_in_native, id=20416, stack(0x000000262a500000,0x000000262a600000) (1024K)]


Current CompileTask:
C2:13720 1593       4       lombok.patcher.PatchScript::classMatches (41 bytes)

Stack: [0x000000262a500000,0x000000262a600000]
Native frames: (J=compiled Java code, j=interpreted, Vv=VM code, C=native code)
V  [jvm.dll+0x6d83e9]
V  [jvm.dll+0x8b5736]
V  [jvm.dll+0x8b7cee]
V  [jvm.dll+0x8b83d3]
V  [jvm.dll+0x284596]
V  [jvm.dll+0xc685d]
V  [jvm.dll+0xc6da1]
V  [jvm.dll+0x6b45a7]
V  [jvm.dll+0x61116e]
V  [jvm.dll+0x60d2d3]
V  [jvm.dll+0x5f4863]
V  [jvm.dll+0x5f8b3b]
V  [jvm.dll+0x5f826d]
V  [jvm.dll+0x5f8150]
V  [jvm.dll+0x5f8150]
V  [jvm.dll+0x5f82d0]
V  [jvm.dll+0x5ff652]
V  [jvm.dll+0x255d67]
V  [jvm.dll+0x24e3bf]
V  [jvm.dll+0x24bbe6]
V  [jvm.dll+0x1cb4ae]
V  [jvm.dll+0x25baad]
V  [jvm.dll+0x25a03a]
V  [jvm.dll+0x3f8aae]
V  [jvm.dll+0x8600cd]
V  [jvm.dll+0x6d6c1d]
C  [ucrtbase.dll+0x2cd30]
C  [KERNEL32.DLL+0x2cd87]
C  [ntdll.dll+0xacaec]


---------------  P R O C E S S  ---------------

Threads class SMR info:
_java_thread_list=0x00000139ff88bbc0, length=11, elements={
0x00000139f707bac0, 0x00000139f6f6a740, 0x00000139f6f6d330, 0x00000139f6f70630,
0x00000139f6f750b0, 0x00000139f6f75b10, 0x00000139f6f76570, 0x00000139f6f797c0,
0x00000139f6ff1800, 0x00000139ff7219d0, 0x00000139ff8899e0
}

Java Threads: ( => current thread )
  0x00000139f707bac0 JavaThread "main"                              [_thread_in_vm, id=27624, stack(0x0000002629a00000,0x0000002629b00000) (1024K)]
  0x00000139f6f6a740 JavaThread "Reference Handler"          daemon [_thread_blocked, id=13892, stack(0x0000002629f00000,0x000000262a000000) (1024K)]
  0x00000139f6f6d330 JavaThread "Finalizer"                  daemon [_thread_blocked, id=10608, stack(0x000000262a000000,0x000000262a100000) (1024K)]
  0x00000139f6f70630 JavaThread "Signal Dispatcher"          daemon [_thread_blocked, id=5388, stack(0x000000262a100000,0x000000262a200000) (1024K)]
  0x00000139f6f750b0 JavaThread "Attach Listener"            daemon [_thread_blocked, id=11208, stack(0x000000262a200000,0x000000262a300000) (1024K)]
  0x00000139f6f75b10 JavaThread "Service Thread"             daemon [_thread_blocked, id=15496, stack(0x000000262a300000,0x000000262a400000) (1024K)]
  0x00000139f6f76570 JavaThread "Monitor Deflation Thread"   daemon [_thread_blocked, id=21600, stack(0x000000262a400000,0x000000262a500000) (1024K)]
=>0x00000139f6f797c0 JavaThread "C2 CompilerThread0"         daemon [_thread_in_native, id=20416, stack(0x000000262a500000,0x000000262a600000) (1024K)]
  0x00000139f6ff1800 JavaThread "C1 CompilerThread0"         daemon [_thread_blocked, id=6992, stack(0x000000262a600000,0x000000262a700000) (1024K)]
  0x00000139ff7219d0 JavaThread "Common-Cleaner"             daemon [_thread_blocked, id=9788, stack(0x000000262a700000,0x000000262a800000) (1024K)]
  0x00000139ff8899e0 JavaThread "Notification Thread"        daemon [_thread_blocked, id=8404, stack(0x000000262a800000,0x000000262a900000) (1024K)]
Total: 11

Other Threads:
  0x00000139f713bcb0 VMThread "VM Thread"                           [id=25764, stack(0x0000002629e00000,0x0000002629f00000) (1024K)]
  0x00000139f70e8fd0 WatcherThread "VM Periodic Task Thread"        [id=17716, stack(0x0000002629d00000,0x0000002629e00000) (1024K)]
  0x00000139f7099d50 WorkerThread "GC Thread#0"                     [id=8408, stack(0x0000002629c00000,0x0000002629d00000) (1024K)]
  0x00000139ff935b00 WorkerThread "GC Thread#1"                     [id=10936, stack(0x000000262a900000,0x000000262aa00000) (1024K)]
  0x00000139ff934fe0 WorkerThread "GC Thread#2"                     [id=20548, stack(0x000000262aa00000,0x000000262ab00000) (1024K)]
  0x00000139d41dde40 WorkerThread "GC Thread#3"                     [id=12240, stack(0x000000262ab00000,0x000000262ac00000) (1024K)]
Total: 6

Threads with active compile tasks:
C2 CompilerThread0  13742 1593       4       lombok.patcher.PatchScript::classMatches (41 bytes)
Total: 1

VM state: not at safepoint (normal execution)

VM Mutex/Monitor currently owned by a thread: None

Heap address: 0x0000000080000000, size: 2048 MB, Compressed Oops mode: 32-bit

CDS archive(s) mapped at: [0x000001398f000000-0x000001398fba0000-0x000001398fba0000), size 12189696, SharedBaseAddress: 0x000001398f000000, ArchiveRelocationMode: 1.
Compressed class space mapped at: 0x0000013990000000-0x00000139d0000000, reserved size: 1073741824
Narrow klass base: 0x000001398f000000, Narrow klass shift: 0, Narrow klass range: 0x100000000

GC Precious Log:
 CardTable entry size: 512
 CPUs: 4 total, 4 available
 Memory: 7886M
 Large Page Support: Disabled
 NUMA Support: Disabled
 Compressed Oops: Enabled (32-bit)
 Alignments: Space 512K, Generation 512K, Heap 2M
 Heap Min Capacity: 100M
 Heap Initial Capacity: 100M
 Heap Max Capacity: 2G
 Pre-touch: Disabled
 Parallel Workers: 4

Heap:
 PSYoungGen      total 29696K, used 20057K [0x00000000d5580000, 0x00000000d7680000, 0x0000000100000000)
  eden space 25600K, 65% used [0x00000000d5580000,0x00000000d65e22f0,0x00000000d6e80000)
  from space 4096K, 80% used [0x00000000d6e80000,0x00000000d71b4148,0x00000000d7280000)
  to   space 4096K, 0% used [0x00000000d7280000,0x00000000d7280000,0x00000000d7680000)
 ParOldGen       total 68608K, used 0K [0x0000000080000000, 0x0000000084300000, 0x00000000d5580000)
  object space 68608K, 0% used [0x0000000080000000,0x0000000080000000,0x0000000084300000)
 Metaspace       used 6885K, committed 7168K, reserved 1114112K
  class space    used 688K, committed 832K, reserved 1048576K

Card table byte_map: [0x00000139f6a20000,0x00000139f6e30000] _byte_map_base: 0x00000139f6620000

Marking Bits: (ParMarkBitMap*) 0x00007ffb4f2244a0
 Begin Bits: [0x00000139fa530000, 0x00000139fc530000)
 End Bits:   [0x00000139fc530000, 0x00000139fe530000)

Polling page: 0x00000139f4ca0000

Metaspace:

Usage:
  Non-class:      6.05 MB used.
      Class:    688.46 KB used.
       Both:      6.72 MB used.

Virtual space:
  Non-class space:       64.00 MB reserved,       6.19 MB ( 10%) committed,  1 nodes.
      Class space:        1.00 GB reserved,     832.00 KB ( <1%) committed,  1 nodes.
             Both:        1.06 GB reserved,       7.00 MB ( <1%) committed. 

Chunk freelists:
   Non-Class:  9.55 MB
       Class:  15.03 MB
        Both:  24.58 MB

MaxMetaspaceSize: unlimited
CompressedClassSpaceSize: 1.00 GB
Initial GC threshold: 21.00 MB
Current GC threshold: 21.00 MB
CDS: on
 - commit_granule_bytes: 65536.
 - commit_granule_words: 8192.
 - virtual_space_node_default_size: 8388608.
 - enlarge_chunks_in_place: 1.
 - use_allocation_guard: 0.


Internal statistics:

num_allocs_failed_limit: 0.
num_arena_births: 206.
num_arena_deaths: 0.
num_vsnodes_births: 2.
num_vsnodes_deaths: 0.
num_space_committed: 112.
num_space_uncommitted: 0.
num_chunks_returned_to_freelist: 0.
num_chunks_taken_from_freelist: 353.
num_chunk_merges: 0.
num_chunk_splits: 228.
num_chunks_enlarged: 147.
num_inconsistent_stats: 0.

CodeHeap 'non-profiled nmethods': size=120000Kb used=689Kb max_used=689Kb free=119310Kb
 bounds [0x0000013987ad0000, 0x0000013987d40000, 0x000001398f000000]
CodeHeap 'profiled nmethods': size=120000Kb used=2849Kb max_used=2849Kb free=117151Kb
 bounds [0x0000013980000000, 0x00000139802d0000, 0x0000013987530000]
CodeHeap 'non-nmethods': size=5760Kb used=1216Kb max_used=1238Kb free=4543Kb
 bounds [0x0000013987530000, 0x00000139877a0000, 0x0000013987ad0000]
CodeCache: size=245760Kb, used=4754Kb, max_used=4776Kb, free=241004Kb
 total_blobs=2083, nmethods=1611, adapters=379, full_count=0
Compilation: enabled, stopped_count=0, restarted_count=0

Compilation events (20 events):
Event: 13.683 Thread 0x00000139f6ff1800 nmethod 1587 0x00000139802ba890 code [0x00000139802baa60, 0x00000139802bad10]
Event: 13.683 Thread 0x00000139f6ff1800 1588       3       sun.security.provider.SHA2::implDigest (98 bytes)
Event: 13.685 Thread 0x00000139f6ff1800 nmethod 1588 0x00000139802bae10 code [0x00000139802bb120, 0x00000139802bc260]
Event: 13.685 Thread 0x00000139f6ff1800 1589       3       sun.security.provider.ByteArrayAccess::i2bBig (33 bytes)
Event: 13.686 Thread 0x00000139f6ff1800 nmethod 1589 0x00000139802bc910 code [0x00000139802bcb20, 0x00000139802bd220]
Event: 13.687 Thread 0x00000139f6ff1800 1590       3       sun.net.www.ParseUtil::encodePath (41 bytes)
Event: 13.688 Thread 0x00000139f6ff1800 nmethod 1590 0x00000139802bd590 code [0x00000139802bd760, 0x00000139802bd9c0]
Event: 13.703 Thread 0x00000139f6ff1800 1591       3       java.security.AccessController::checkContext (49 bytes)
Event: 13.703 Thread 0x00000139f6ff1800 nmethod 1591 0x00000139802bda90 code [0x00000139802bdc40, 0x00000139802bde18]
Event: 13.703 Thread 0x00000139f6ff1800 1592       3       java.util.jar.JarVerifier::beginEntry (229 bytes)
Event: 13.705 Thread 0x00000139f6f797c0 1593       4       lombok.patcher.PatchScript::classMatches (41 bytes)
Event: 13.705 Thread 0x00000139f6ff1800 nmethod 1592 0x00000139802bdf10 code [0x00000139802be380, 0x00000139802bfe30]
Event: 13.708 Thread 0x00000139f6ff1800 1595       3       jdk.internal.loader.URLClassPath$JarLoader$2::<init> (31 bytes)
Event: 13.708 Thread 0x00000139f6ff1800 nmethod 1595 0x00000139802c0790 code [0x00000139802c0940, 0x00000139802c0b68]
Event: 13.708 Thread 0x00000139f6ff1800 1596       3       jdk.internal.loader.Resource::<init> (5 bytes)
Event: 13.708 Thread 0x00000139f6ff1800 nmethod 1596 0x00000139802c0c90 code [0x00000139802c0e40, 0x00000139802c0fa8]
Event: 13.710 Thread 0x00000139f6ff1800 1597       3       java.util.jar.JarFile::getManifest (5 bytes)
Event: 13.711 Thread 0x00000139f6ff1800 nmethod 1597 0x00000139802c1090 code [0x00000139802c1240, 0x00000139802c1378]
Event: 13.712 Thread 0x00000139f6ff1800 1598       3       jdk.internal.loader.URLClassPath::getResource (74 bytes)
Event: 13.713 Thread 0x00000139f6ff1800 nmethod 1598 0x00000139802c1410 code [0x00000139802c15e0, 0x00000139802c1938]

GC Heap History (2 events):
Event: 10.114 GC heap before
{Heap before GC invocations=1 (full 0):
 PSYoungGen      total 29696K, used 25600K [0x00000000d5580000, 0x00000000d7680000, 0x0000000100000000)
  eden space 25600K, 100% used [0x00000000d5580000,0x00000000d6e80000,0x00000000d6e80000)
  from space 4096K, 0% used [0x00000000d7280000,0x00000000d7280000,0x00000000d7680000)
  to   space 4096K, 0% used [0x00000000d6e80000,0x00000000d6e80000,0x00000000d7280000)
 ParOldGen       total 68608K, used 0K [0x0000000080000000, 0x0000000084300000, 0x00000000d5580000)
  object space 68608K, 0% used [0x0000000080000000,0x0000000080000000,0x0000000084300000)
 Metaspace       used 4372K, committed 4608K, reserved 1114112K
  class space    used 476K, committed 576K, reserved 1048576K
}
Event: 10.127 GC heap after
{Heap after GC invocations=1 (full 0):
 PSYoungGen      total 29696K, used 3280K [0x00000000d5580000, 0x00000000d7680000, 0x0000000100000000)
  eden space 25600K, 0% used [0x00000000d5580000,0x00000000d5580000,0x00000000d6e80000)
  from space 4096K, 80% used [0x00000000d6e80000,0x00000000d71b4148,0x00000000d7280000)
  to   space 4096K, 0% used [0x00000000d7280000,0x00000000d7280000,0x00000000d7680000)
 ParOldGen       total 68608K, used 0K [0x0000000080000000, 0x0000000084300000, 0x00000000d5580000)
  object space 68608K, 0% used [0x0000000080000000,0x0000000080000000,0x0000000084300000)
 Metaspace       used 4372K, committed 4608K, reserved 1114112K
  class space    used 476K, committed 576K, reserved 1048576K
}

Dll operation events (16 events):
Event: 0.042 Attempting to load shared library c:\Users\wafaa\.vscode\extensions\redhat.java-1.56.0-win32-x64\jre\21.0.12.1-win32-x86_64\bin\java.dll
Event: 0.042 Loaded shared library c:\Users\wafaa\.vscode\extensions\redhat.java-1.56.0-win32-x64\jre\21.0.12.1-win32-x86_64\bin\java.dll
Event: 1.412 Attempting to load shared library c:\Users\wafaa\.vscode\extensions\redhat.java-1.56.0-win32-x64\jre\21.0.12.1-win32-x86_64\bin\zip.dll
Event: 1.445 Loaded shared library c:\Users\wafaa\.vscode\extensions\redhat.java-1.56.0-win32-x64\jre\21.0.12.1-win32-x86_64\bin\zip.dll
Event: 1.577 Attempting to load shared library C:\Users\wafaa\.vscode\extensions\redhat.java-1.56.0-win32-x64\jre\21.0.12.1-win32-x86_64\bin\instrument.dll
Event: 1.577 Loaded shared library C:\Users\wafaa\.vscode\extensions\redhat.java-1.56.0-win32-x64\jre\21.0.12.1-win32-x86_64\bin\instrument.dll
Event: 1.589 Attempting to load shared library C:\Users\wafaa\.vscode\extensions\redhat.java-1.56.0-win32-x64\jre\21.0.12.1-win32-x86_64\bin\net.dll
Event: 1.638 Loaded shared library C:\Users\wafaa\.vscode\extensions\redhat.java-1.56.0-win32-x64\jre\21.0.12.1-win32-x86_64\bin\net.dll
Event: 1.643 Attempting to load shared library C:\Users\wafaa\.vscode\extensions\redhat.java-1.56.0-win32-x64\jre\21.0.12.1-win32-x86_64\bin\nio.dll
Event: 1.648 Loaded shared library C:\Users\wafaa\.vscode\extensions\redhat.java-1.56.0-win32-x64\jre\21.0.12.1-win32-x86_64\bin\nio.dll
Event: 1.655 Attempting to load shared library C:\Users\wafaa\.vscode\extensions\redhat.java-1.56.0-win32-x64\jre\21.0.12.1-win32-x86_64\bin\zip.dll
Event: 1.655 Loaded shared library C:\Users\wafaa\.vscode\extensions\redhat.java-1.56.0-win32-x64\jre\21.0.12.1-win32-x86_64\bin\zip.dll
Event: 1.755 Attempting to load shared library C:\Users\wafaa\.vscode\extensions\redhat.java-1.56.0-win32-x64\jre\21.0.12.1-win32-x86_64\bin\jimage.dll
Event: 1.755 Loaded shared library C:\Users\wafaa\.vscode\extensions\redhat.java-1.56.0-win32-x64\jre\21.0.12.1-win32-x86_64\bin\jimage.dll
Event: 2.396 Attempting to load shared library c:\Users\wafaa\.vscode\extensions\redhat.java-1.56.0-win32-x64\jre\21.0.12.1-win32-x86_64\bin\verify.dll
Event: 2.486 Loaded shared library c:\Users\wafaa\.vscode\extensions\redhat.java-1.56.0-win32-x64\jre\21.0.12.1-win32-x86_64\bin\verify.dll

Deoptimization events (20 events):
Event: 12.201 Thread 0x00000139f707bac0 Uncommon trap: trap_request=0xffffff45 fr.pc=0x0000013987b13fa8 relative=0x0000000000000088
Event: 12.201 Thread 0x00000139f707bac0 Uncommon trap: reason=unstable_if action=reinterpret pc=0x0000013987b13fa8 method=lombok.patcher.scripts.MethodLevelPatchScript.patch(Ljava/lang/String;[BLlombok/patcher/TransplantMapper;)[B @ 8 c2
Event: 12.201 Thread 0x00000139f707bac0 DEOPT PACKING pc=0x0000013987b13fa8 sp=0x0000002629af88b0
Event: 12.201 Thread 0x00000139f707bac0 DEOPT UNPACKING pc=0x0000013987586da2 sp=0x0000002629af8840 mode 2
Event: 12.557 Thread 0x00000139f707bac0 Uncommon trap: trap_request=0xffffffc6 fr.pc=0x0000013987b0d6d0 relative=0x0000000000000290
Event: 12.557 Thread 0x00000139f707bac0 Uncommon trap: reason=bimorphic_or_optimized_type_check action=maybe_recompile pc=0x0000013987b0d6d0 method=java.util.Collections$UnmodifiableCollection$1.next()Ljava/lang/Object; @ 4 c2
Event: 12.557 Thread 0x00000139f707bac0 DEOPT PACKING pc=0x0000013987b0d6d0 sp=0x0000002629af8300
Event: 12.557 Thread 0x00000139f707bac0 DEOPT UNPACKING pc=0x0000013987586da2 sp=0x0000002629af82b0 mode 2
Event: 12.557 Thread 0x00000139f707bac0 Uncommon trap: trap_request=0xffffffc6 fr.pc=0x0000013987b0d6d0 relative=0x0000000000000290
Event: 12.557 Thread 0x00000139f707bac0 Uncommon trap: reason=bimorphic_or_optimized_type_check action=maybe_recompile pc=0x0000013987b0d6d0 method=java.util.Collections$UnmodifiableCollection$1.next()Ljava/lang/Object; @ 4 c2
Event: 12.557 Thread 0x00000139f707bac0 DEOPT PACKING pc=0x0000013987b0d6d0 sp=0x0000002629af8300
Event: 12.557 Thread 0x00000139f707bac0 DEOPT UNPACKING pc=0x0000013987586da2 sp=0x0000002629af82b0 mode 2
Event: 13.654 Thread 0x00000139f707bac0 Uncommon trap: trap_request=0xffffff45 fr.pc=0x0000013987b56b4c relative=0x00000000000000ac
Event: 13.654 Thread 0x00000139f707bac0 Uncommon trap: reason=unstable_if action=reinterpret pc=0x0000013987b56b4c method=java.util.concurrent.locks.ReentrantLock$NonfairSync.initialTryLock()Z @ 10 c2
Event: 13.654 Thread 0x00000139f707bac0 DEOPT PACKING pc=0x0000013987b56b4c sp=0x0000002629afe670
Event: 13.654 Thread 0x00000139f707bac0 DEOPT UNPACKING pc=0x0000013987586da2 sp=0x0000002629afe600 mode 2
Event: 13.665 Thread 0x00000139f707bac0 Uncommon trap: trap_request=0xffffff45 fr.pc=0x0000013987b567b4 relative=0x0000000000000094
Event: 13.665 Thread 0x00000139f707bac0 Uncommon trap: reason=unstable_if action=reinterpret pc=0x0000013987b567b4 method=java.util.concurrent.locks.ReentrantLock$Sync.tryRelease(I)Z @ 26 c2
Event: 13.665 Thread 0x00000139f707bac0 DEOPT PACKING pc=0x0000013987b567b4 sp=0x0000002629afe740
Event: 13.665 Thread 0x00000139f707bac0 DEOPT UNPACKING pc=0x0000013987586da2 sp=0x0000002629afe6c0 mode 2

Classes loaded (20 events):
Event: 12.847 Loading class java/security/cert/CertificateException
Event: 12.847 Loading class java/security/cert/CertificateException done
Event: 12.847 Loading class java/security/NoSuchAlgorithmException
Event: 12.847 Loading class java/security/NoSuchAlgorithmException done
Event: 12.847 Loading class java/security/NoSuchProviderException
Event: 12.847 Loading class java/security/NoSuchProviderException done
Event: 12.968 Loading class java/util/Collections$UnmodifiableMap$UnmodifiableEntrySet
Event: 12.969 Loading class java/util/Collections$UnmodifiableMap$UnmodifiableEntrySet done
Event: 12.969 Loading class java/util/Collections$UnmodifiableMap$UnmodifiableEntrySet$1
Event: 12.969 Loading class java/util/Collections$UnmodifiableMap$UnmodifiableEntrySet$1 done
Event: 12.969 Loading class java/util/Collections$UnmodifiableMap$UnmodifiableEntrySet$UnmodifiableEntry
Event: 12.970 Loading class java/util/Collections$UnmodifiableMap$UnmodifiableEntrySet$UnmodifiableEntry done
Event: 13.273 Loading class java/lang/reflect/TypeVariable
Event: 13.274 Loading class java/lang/reflect/TypeVariable done
Event: 13.274 Loading class java/lang/InstantiationException
Event: 13.278 Loading class java/lang/InstantiationException done
Event: 13.278 Loading class java/lang/reflect/AnnotatedType
Event: 13.279 Loading class java/lang/reflect/AnnotatedType done
Event: 13.302 Loading class java/util/ArrayList$SubList$1
Event: 13.302 Loading class java/util/ArrayList$SubList$1 done

Classes unloaded (0 events):
No events

Classes redefined (0 events):
No events

Internal exceptions (20 events):
Event: 6.059 Thread 0x00000139f707bac0 Exception <a 'java/io/FileNotFoundException'{0x00000000d64ba588}> (0x00000000d64ba588) 
thrown [s\src\hotspot\share\prims\jni.cpp, line 520]
Event: 6.060 Thread 0x00000139f707bac0 Exception <a 'java/io/FileNotFoundException'{0x00000000d64bbbe8}> (0x00000000d64bbbe8) 
thrown [s\src\hotspot\share\prims\jni.cpp, line 520]
Event: 6.060 Thread 0x00000139f707bac0 Exception <a 'java/io/FileNotFoundException'{0x00000000d64bcbb0}> (0x00000000d64bcbb0) 
thrown [s\src\hotspot\share\prims\jni.cpp, line 520]
Event: 6.061 Thread 0x00000139f707bac0 Exception <a 'java/io/FileNotFoundException'{0x00000000d64bda40}> (0x00000000d64bda40) 
thrown [s\src\hotspot\share\prims\jni.cpp, line 520]
Event: 6.080 Thread 0x00000139f707bac0 Exception <a 'java/io/FileNotFoundException'{0x00000000d64f6198}> (0x00000000d64f6198) 
thrown [s\src\hotspot\share\prims\jni.cpp, line 520]
Event: 6.315 Thread 0x00000139f707bac0 Exception <a 'java/lang/NoSuchMethodError'{0x00000000d652eba0}: 'java.lang.Object java.lang.invoke.DirectMethodHandle$Holder.invokeInterface(java.lang.Object, java.lang.Object)'> (0x00000000d652eba0) 
thrown [s\src\hotspot\share\interpreter\linkResolver.cpp, line 773]
Event: 6.329 Thread 0x00000139f707bac0 Exception <a 'java/lang/NoSuchMethodError'{0x00000000d6542860}: 'java.lang.Object java.lang.invoke.Invokers$Holder.invokeExact_MT(java.lang.Object, java.lang.Object, java.lang.Object, java.lang.Object, java.lang.Object, java.lang.Object)'> (0x00000000d6542860) 
thrown [s\src\hotspot\share\interpreter\linkResolver.cpp, line 773]
Event: 6.671 Thread 0x00000139f707bac0 Exception <a 'java/lang/NoSuchMethodError'{0x00000000d6559938}: 'int java.lang.invoke.DirectMethodHandle$Holder.invokeStatic(java.lang.Object, java.lang.Object, java.lang.Object, java.lang.Object, java.lang.Object)'> (0x00000000d6559938) 
thrown [s\src\hotspot\share\interpreter\linkResolver.cpp, line 773]
Event: 6.691 Thread 0x00000139f707bac0 Exception <a 'java/lang/NoSuchMethodError'{0x00000000d65ed088}: 'java.lang.Object java.lang.invoke.DirectMethodHandle$Holder.invokeInterface(java.lang.Object, java.lang.Object, int)'> (0x00000000d65ed088) 
thrown [s\src\hotspot\share\interpreter\linkResolver.cpp, line 773]
Event: 8.599 Thread 0x00000139f707bac0 Exception <a 'java/lang/NoSuchMethodError'{0x00000000d6a70560}: 'java.lang.ClassLoader java.lang.ClassLoader.getPlatformClassLoader(java.lang.Class)'> (0x00000000d6a70560) 
thrown [s\src\hotspot\share\interpreter\linkResolver.cpp, line 773]
Event: 10.186 Thread 0x00000139f707bac0 Exception <a 'java/lang/ClassNotFoundException'{0x00000000d55ab4a0}: sun/net/www/protocol/c/Handler> (0x00000000d55ab4a0) 
thrown [s\src\hotspot\share\classfile\systemDictionary.cpp, line 313]
Event: 10.186 Thread 0x00000139f707bac0 Exception <a 'java/lang/ClassNotFoundException'{0x00000000d55ac800}: sun/net/www/protocol/c/Handler> (0x00000000d55ac800) 
thrown [s\src\hotspot\share\classfile\systemDictionary.cpp, line 313]
Event: 10.186 Thread 0x00000139f707bac0 Exception <a 'java/lang/ClassNotFoundException'{0x00000000d55ad978}: sun/net/www/protocol/c/Handler> (0x00000000d55ad978) 
thrown [s\src\hotspot\share\classfile\systemDictionary.cpp, line 313]
Event: 10.217 Thread 0x00000139f707bac0 Exception <a 'java/io/FileNotFoundException'{0x00000000d55d6d78}> (0x00000000d55d6d78) 
thrown [s\src\hotspot\share\prims\jni.cpp, line 520]
Event: 10.499 Thread 0x00000139f707bac0 Implicit null exception at 0x0000013987b2f2c9 to 0x0000013987b2fc60
Event: 10.499 Thread 0x00000139f707bac0 Implicit null exception at 0x0000013987b40b9a to 0x0000013987b40da0
Event: 10.499 Thread 0x00000139f707bac0 Exception <a 'java/lang/NoSuchMethodError'{0x00000000d57497f8}: 'void java.lang.invoke.DirectMethodHandle$Holder.invokeStatic(java.lang.Object, java.lang.Object, java.lang.Object, java.lang.Object)'> (0x00000000d57497f8) 
thrown [s\src\hotspot\share\interpreter\linkResolver.cpp, line 773]
Event: 10.500 Thread 0x00000139f707bac0 Implicit null exception at 0x0000013987b3203c to 0x0000013987b322c8
Event: 10.942 Thread 0x00000139f707bac0 Exception <a 'java/lang/NoSuchMethodError'{0x00000000d59f02f8}: 'void java.lang.invoke.DirectMethodHandle$Holder.invokeSpecial(java.lang.Object, java.lang.Object, java.lang.Object)'> (0x00000000d59f02f8) 
thrown [s\src\hotspot\share\interpreter\linkResolver.cpp, line 773]
Event: 13.281 Thread 0x00000139f707bac0 Exception <a 'java/lang/NoSuchMethodError'{0x00000000d645aca0}: 'int java.lang.invoke.DirectMethodHandle$Holder.invokeVirtual(java.lang.Object, java.lang.Object)'> (0x00000000d645aca0) 
thrown [s\src\hotspot\share\interpreter\linkResolver.cpp, line 773]

ZGC Phase Switch (0 events):
No events

VM Operations (20 events):
Event: 5.653 Executing non-safepoint VM operation: HandshakeAllThreads (Deoptimize)
Event: 5.653 Executing non-safepoint VM operation: HandshakeAllThreads (Deoptimize) done
Event: 6.652 Executing safepoint VM operation: Cleanup
Event: 6.670 Executing safepoint VM operation: Cleanup done
Event: 7.683 Executing safepoint VM operation: Cleanup
Event: 7.698 Executing safepoint VM operation: Cleanup done
Event: 8.711 Executing safepoint VM operation: Cleanup
Event: 8.711 Executing safepoint VM operation: Cleanup done
Event: 9.715 Executing safepoint VM operation: Cleanup
Event: 9.730 Executing safepoint VM operation: Cleanup done
Event: 9.910 Executing non-safepoint VM operation: HandshakeAllThreads (Deoptimize)
Event: 9.910 Executing non-safepoint VM operation: HandshakeAllThreads (Deoptimize) done
Event: 10.114 Executing safepoint VM operation: ParallelGCFailedAllocation (Allocation Failure)
Event: 10.127 Executing safepoint VM operation: ParallelGCFailedAllocation (Allocation Failure) done
Event: 11.135 Executing safepoint VM operation: Cleanup
Event: 11.196 Executing safepoint VM operation: Cleanup done
Event: 12.210 Executing safepoint VM operation: Cleanup
Event: 12.241 Executing safepoint VM operation: Cleanup done
Event: 13.256 Executing safepoint VM operation: Cleanup
Event: 13.257 Executing safepoint VM operation: Cleanup done

Memory protections (0 events):
No events

Nmethod flushes (0 events):
No events

Events (11 events):
Event: 0.235 Thread 0x00000139f707bac0 Thread added: 0x00000139f707bac0
Event: 0.417 Thread 0x00000139f707bac0 Thread added: 0x00000139f6f6a740
Event: 0.417 Thread 0x00000139f707bac0 Thread added: 0x00000139f6f6d330
Event: 0.418 Thread 0x00000139f707bac0 Thread added: 0x00000139f6f70630
Event: 0.418 Thread 0x00000139f707bac0 Thread added: 0x00000139f6f750b0
Event: 0.418 Thread 0x00000139f707bac0 Thread added: 0x00000139f6f75b10
Event: 0.418 Thread 0x00000139f707bac0 Thread added: 0x00000139f6f76570
Event: 0.418 Thread 0x00000139f707bac0 Thread added: 0x00000139f6f797c0
Event: 0.465 Thread 0x00000139f707bac0 Thread added: 0x00000139f6ff1800
Event: 1.586 Thread 0x00000139f707bac0 Thread added: 0x00000139ff7219d0
Event: 3.205 Thread 0x00000139f707bac0 Thread added: 0x00000139ff8899e0


Dynamic libraries:
0x00007ff7b5550000 - 0x00007ff7b555e000 	c:\Users\wafaa\.vscode\extensions\redhat.java-1.56.0-win32-x64\jre\21.0.12.1-win32-x86_64\bin\java.exe
0x00007ffc289c0000 - 0x00007ffc28c27000 	C:\WINDOWS\SYSTEM32\ntdll.dll
0x00007ffc26840000 - 0x00007ffc2690b000 	C:\WINDOWS\System32\KERNEL32.DLL
0x00007ffc25d20000 - 0x00007ffc26122000 	C:\WINDOWS\System32\KERNELBASE.dll
0x00007ffc25bc0000 - 0x00007ffc25d0c000 	C:\WINDOWS\System32\ucrtbase.dll
0x00007ffbf6120000 - 0x00007ffbf6138000 	c:\Users\wafaa\.vscode\extensions\redhat.java-1.56.0-win32-x64\jre\21.0.12.1-win32-x86_64\bin\jli.dll
0x00007ffc26910000 - 0x00007ffc26adf000 	C:\WINDOWS\System32\USER32.dll
0x00007ffc261e0000 - 0x00007ffc26207000 	C:\WINDOWS\System32\win32u.dll
0x00007ffc27ad0000 - 0x00007ffc27afb000 	C:\WINDOWS\System32\GDI32.dll
0x00007ffc26460000 - 0x00007ffc26589000 	C:\WINDOWS\System32\gdi32full.dll
0x00007ffc26130000 - 0x00007ffc261d3000 	C:\WINDOWS\System32\msvcp_win.dll
0x00007ffbd29b0000 - 0x00007ffbd29ce000 	c:\Users\wafaa\.vscode\extensions\redhat.java-1.56.0-win32-x64\jre\21.0.12.1-win32-x86_64\bin\VCRUNTIME140.dll
0x00007ffc0b210000 - 0x00007ffc0b4a0000 	C:\WINDOWS\WinSxS\amd64_microsoft.windows.common-controls_6595b64144ccf1df_6.0.26100.9278_none_3e0d1ba8e3303201\COMCTL32.dll
0x00007ffc28600000 - 0x00007ffc286a9000 	C:\WINDOWS\System32\msvcrt.dll
0x00007ffc26af0000 - 0x00007ffc26b21000 	C:\WINDOWS\System32\IMM32.DLL
0x00007ffbfdc30000 - 0x00007ffbfdc3c000 	c:\Users\wafaa\.vscode\extensions\redhat.java-1.56.0-win32-x64\jre\21.0.12.1-win32-x86_64\bin\vcruntime140_1.dll
0x00007ffbc60c0000 - 0x00007ffbc614d000 	c:\Users\wafaa\.vscode\extensions\redhat.java-1.56.0-win32-x64\jre\21.0.12.1-win32-x86_64\bin\msvcp140.dll
0x00007ffb4e560000 - 0x00007ffb4f302000 	c:\Users\wafaa\.vscode\extensions\redhat.java-1.56.0-win32-x64\jre\21.0.12.1-win32-x86_64\bin\server\jvm.dll
0x00007ffc272a0000 - 0x00007ffc2735c000 	C:\WINDOWS\System32\ADVAPI32.dll
0x00007ffc27890000 - 0x00007ffc27939000 	C:\WINDOWS\System32\sechost.dll
0x00007ffc27b00000 - 0x00007ffc27c18000 	C:\WINDOWS\System32\RPCRT4.dll
0x00007ffc28810000 - 0x00007ffc28890000 	C:\WINDOWS\System32\WS2_32.dll
0x00007ffc25a20000 - 0x00007ffc25a7e000 	C:\WINDOWS\SYSTEM32\POWRPROF.dll
0x00007ffc1c010000 - 0x00007ffc1c046000 	C:\WINDOWS\SYSTEM32\WINMM.dll
0x00007ffc154f0000 - 0x00007ffc154fb000 	C:\WINDOWS\SYSTEM32\VERSION.dll
0x00007ffc25a00000 - 0x00007ffc25a15000 	C:\WINDOWS\SYSTEM32\UMPDC.dll
0x00007ffc24890000 - 0x00007ffc248ab000 	C:\WINDOWS\SYSTEM32\kernel.appcore.dll
0x00007ffbfd910000 - 0x00007ffbfd91a000 	c:\Users\wafaa\.vscode\extensions\redhat.java-1.56.0-win32-x64\jre\21.0.12.1-win32-x86_64\bin\jimage.dll
0x00007ffc232d0000 - 0x00007ffc2351c000 	C:\WINDOWS\SYSTEM32\DBGHELP.DLL
0x00007ffc27370000 - 0x00007ffc276f5000 	C:\WINDOWS\System32\combase.dll
0x00007ffc288a0000 - 0x00007ffc28979000 	C:\WINDOWS\System32\OLEAUT32.dll
0x00007ffbfd410000 - 0x00007ffbfd44b000 	C:\WINDOWS\SYSTEM32\dbgcore.DLL
0x00007ffc26210000 - 0x00007ffc262bc000 	C:\WINDOWS\System32\bcryptPrimitives.dll
0x00007ffbf6170000 - 0x00007ffbf617f000 	c:\Users\wafaa\.vscode\extensions\redhat.java-1.56.0-win32-x64\jre\21.0.12.1-win32-x86_64\bin\instrument.dll
0x00007ffbd2980000 - 0x00007ffbd29a0000 	c:\Users\wafaa\.vscode\extensions\redhat.java-1.56.0-win32-x64\jre\21.0.12.1-win32-x86_64\bin\java.dll
0x00007ffc27cb0000 - 0x00007ffc28448000 	C:\WINDOWS\System32\SHELL32.dll
0x00007ffc23640000 - 0x00007ffc23eee000 	C:\WINDOWS\SYSTEM32\windows.storage.dll
0x00007ffc27950000 - 0x00007ffc27a4b000 	C:\WINDOWS\System32\SHCORE.dll
0x00007ffc287a0000 - 0x00007ffc28806000 	C:\WINDOWS\System32\shlwapi.dll
0x00007ffc25ae0000 - 0x00007ffc25b09000 	C:\WINDOWS\SYSTEM32\profapi.dll
0x00007ffbd23b0000 - 0x00007ffbd23c8000 	c:\Users\wafaa\.vscode\extensions\redhat.java-1.56.0-win32-x64\jre\21.0.12.1-win32-x86_64\bin\zip.dll
0x00007ffbfd100000 - 0x00007ffbfd110000 	C:\Users\wafaa\.vscode\extensions\redhat.java-1.56.0-win32-x64\jre\21.0.12.1-win32-x86_64\bin\net.dll
0x00007ffc16050000 - 0x00007ffc1617a000 	C:\WINDOWS\SYSTEM32\WINHTTP.dll
0x00007ffc24e50000 - 0x00007ffc24ebc000 	C:\WINDOWS\system32\mswsock.dll
0x00007ffbd01b0000 - 0x00007ffbd01c6000 	C:\Users\wafaa\.vscode\extensions\redhat.java-1.56.0-win32-x64\jre\21.0.12.1-win32-x86_64\bin\nio.dll
0x00007ffbf6110000 - 0x00007ffbf6120000 	c:\Users\wafaa\.vscode\extensions\redhat.java-1.56.0-win32-x64\jre\21.0.12.1-win32-x86_64\bin\verify.dll

JVMTI agents:
c:\Users\wafaa\.vscode\extensions\redhat.java-1.56.0-win32-x64\lombok\lombok-1.18.39-4050.jar path:c:\Users\wafaa\.vscode\extensions\redhat.java-1.56.0-win32-x64\jre\21.0.12.1-win32-x86_64\bin\instrument.dll, loaded, initialized, instrumentlib options:none

dbghelp: loaded successfully - version: 4.0.5 - missing functions: none
symbol engine: initialized successfully - sym options: 0x614 - pdb path: .;c:\Users\wafaa\.vscode\extensions\redhat.java-1.56.0-win32-x64\jre\21.0.12.1-win32-x86_64\bin;C:\WINDOWS\SYSTEM32;C:\WINDOWS\WinSxS\amd64_microsoft.windows.common-controls_6595b64144ccf1df_6.0.26100.9278_none_3e0d1ba8e3303201;c:\Users\wafaa\.vscode\extensions\redhat.java-1.56.0-win32-x64\jre\21.0.12.1-win32-x86_64\bin\server

VM Arguments:
jvm_args: --add-modules=ALL-SYSTEM --add-opens=java.base/java.util=ALL-UNNAMED --add-opens=java.base/java.lang=ALL-UNNAMED --add-opens=java.base/sun.nio.fs=ALL-UNNAMED -Declipse.application=org.eclipse.jdt.ls.core.id1 -Dosgi.bundles.defaultStartLevel=4 -Declipse.product=org.eclipse.jdt.ls.core.product -Djava.import.generatesMetadataFilesAtProjectRoot=false -Dm2e.project.cache.size=50 -DDetectVMInstallationsJob.disabled=true -Dfile.encoding=utf8 -XX:+UseParallelGC -XX:GCTimeRatio=4 -XX:AdaptiveSizePolicyWeight=90 -Dsun.zip.disableMemoryMapping=true -Xmx2G -Xms100m -Xlog:disable -javaagent:c:\Users\wafaa\.vscode\extensions\redhat.java-1.56.0-win32-x64\lombok\lombok-1.18.39-4050.jar -XX:+HeapDumpOnOutOfMemoryError -XX:HeapDumpPath=c:\Users\wafaa\AppData\Roaming\Code\User\workspaceStorage\2ef2f8c3ad51bfb422bb784cb0a23c4e\redhat.java -Daether.dependencyCollector.impl=bf 
java_command: c:\Users\wafaa\.vscode\extensions\redhat.java-1.56.0-win32-x64\server\plugins\org.eclipse.equinox.launcher_1.8.0.v20260804-1928.jar -configuration c:\Users\wafaa\AppData\Roaming\Code\User\globalStorage\redhat.java\1.56.0\config_win -data c:\Users\wafaa\AppData\Roaming\Code\User\workspaceStorage\2ef2f8c3ad51bfb422bb784cb0a23c4e\redhat.java\jdt_ws --stdio
java_class_path (initial): c:\Users\wafaa\.vscode\extensions\redhat.java-1.56.0-win32-x64\server\plugins\org.eclipse.equinox.launcher_1.8.0.v20260804-1928.jar
Launcher Type: SUN_STANDARD

[Global flags]
    uintx AdaptiveSizePolicyWeight                 = 90                                        {product} {command line}
     intx CICompilerCount                          = 3                                         {product} {ergonomic}
    uintx GCTimeRatio                              = 4                                         {product} {command line}
     bool HeapDumpOnOutOfMemoryError               = true                                   {manageable} {command line}
    ccstr HeapDumpPath                             = c:\Users\wafaa\AppData\Roaming\Code\User\workspaceStorage\2ef2f8c3ad51bfb422bb784cb0a23c4e\redhat.java         {manageable} {command line}
   size_t InitialHeapSize                          = 104857600                                 {product} {command line}
   size_t MaxHeapSize                              = 2147483648                                {product} {command line}
   size_t MaxNewSize                               = 715653120                                 {product} {ergonomic}
   size_t MinHeapDeltaBytes                        = 524288                                    {product} {ergonomic}
   size_t MinHeapSize                              = 104857600                                 {product} {command line}
   size_t NewSize                                  = 34603008                                  {product} {ergonomic}
    uintx NonNMethodCodeHeapSize                   = 5832780                                {pd product} {ergonomic}
    uintx NonProfiledCodeHeapSize                  = 122912730                              {pd product} {ergonomic}
   size_t OldSize                                  = 70254592                                  {product} {ergonomic}
    uintx ProfiledCodeHeapSize                     = 122912730                              {pd product} {ergonomic}
    uintx ReservedCodeCacheSize                    = 251658240                              {pd product} {ergonomic}
     bool SegmentedCodeCache                       = true                                      {product} {ergonomic}
   size_t SoftMaxHeapSize                          = 2147483648                             {manageable} {ergonomic}
     bool UseCompressedOops                        = true                           {product lp64_product} {ergonomic}
     bool UseLargePagesIndividualAllocation        = false                                  {pd product} {ergonomic}
     bool UseParallelGC                            = true                                      {product} {command line}

Logging:
Log output configuration:
 #0: stdout all=off uptime,level,tags foldmultilines=false
 #1: stderr all=off uptime,level,tags foldmultilines=false

Release file:
JAVA_VERSION="21.0.12.1" 
MODULES="java.base java.compiler java.datatransfer java.xml java.prefs java.desktop java.instrument java.logging java.management java.security.sasl java.naming java.rmi java.management.rmi java.net.http java.scripting java.security.jgss java.transaction.xa java.sql java.sql.rowset java.xml.crypto java.se java.smartcardio jdk.accessibility jdk.internal.jvmstat jdk.attach jdk.charsets jdk.internal.opt jdk.zipfs jdk.compiler jdk.crypto.ec jdk.crypto.cryptoki jdk.crypto.mscapi jdk.dynalink jdk.internal.ed jdk.editpad jdk.hotspot.agent jdk.httpserver jdk.internal.le jdk.internal.vm.ci jdk.internal.vm.compiler jdk.internal.vm.compiler.management jdk.jartool jdk.javadoc jdk.jcmd jdk.management jdk.management.agent jdk.jconsole jdk.jdeps jdk.jdwp.agent jdk.jdi jdk.jfr jdk.jshell jdk.jsobject jdk.jstatd jdk.localedata jdk.management.jfr jdk.naming.dns jdk.naming.rmi jdk.net jdk.nio.mapmode jdk.random jdk.sctp jdk.security.auth jdk.security.jgss jdk.unsupported jdk.unsupported.desktop jdk.xml.dom" 

Environment Variables:
PATH=C:\Program Files\Eclipse Adoptium\jdk-17.0.19.10-hotspot\bin;C:\Program Files\Common Files\Oracle\Java\javapath;C:\WINDOWS\system32;C:\WINDOWS;C:\WINDOWS\System32\Wbem;C:\WINDOWS\System32\WindowsPowerShell\v1.0\;C:\WINDOWS\System32\OpenSSH\;C:\Program Files\Git\cmd;C:\Program Files\nodejs\;C:\Program Files\Eclipse Adoptium\jdk-17.0.19.10-hotspot\bin;C:\Program Files\Common Files\Oracle\Java\javapath;C:\WINDOWS\system32;C:\WINDOWS;C:\WINDOWS\System32\Wbem;C:\WINDOWS\System32\WindowsPowerShell\v1.0\;C:\WINDOWS\System32\OpenSSH\;C:\Program Files\Git\cmd;C:\Program Files\nodejs\;C:\gradle-8.3\bin;C:\Users\wafaa\AppData\Local\Programs\Microsoft VS Code\bin;C:\Users\wafaa\AppData\Roaming\npm;C:\Users\wafaa\AppData\Local\Kingsoft\WPS Office\12.1.0.27458\clitool
USERNAME=wafaa
OS=Windows_NT
PROCESSOR_IDENTIFIER=Intel64 Family 6 Model 140 Stepping 1, GenuineIntel
TMP=C:\Users\wafaa\AppData\Local\Temp
TEMP=C:\Users\wafaa\AppData\Local\Temp




Periodic native trim disabled

---------------  S Y S T E M  ---------------

OS:
 Windows 11 , 64 bit Build 26100 (10.0.26100.9444)
OS uptime: 3 days 11:45 hours

CPU: total 4 (initial active 4) (2 cores per cpu, 2 threads per core) family 6 model 140 stepping 1 microcode 0x9a, cx8, cmov, fxsr, ht, mmx, 3dnowpref, sse, sse2, sse3, ssse3, sse4.1, sse4.2, popcnt, lzcnt, tsc, tscinvbit, avx, avx2, aes, erms, clmul, bmi1, bmi2, adx, avx512f, avx512dq, avx512cd, avx512bw, avx512vl, sha, fma, vzeroupper, avx512_vpopcntdq, avx512_vpclmulqdq, avx512_vaes, avx512_vnni, clflush, clflushopt, clwb, avx512_vbmi2, avx512_vbmi, rdtscp, rdpid, fsrm, gfni, avx512_bitalg, f16c, pku, cet_ibt, cet_ss, avx512_ifma
Processor Information for the first 4 processors :
  Max Mhz: 2995, Current Mhz: 2995, Mhz Limit: 2995

Memory: 4k page, system-wide physical 7886M (8M free)
TotalPageFile size 32462M (AvailPageFile size 0M)
current process WorkingSet (physical memory assigned to process): 67M, peak: 82M
current process commit charge ("private bytes"): 222M, peak: 222M

vm_info: OpenJDK 64-Bit Server VM (21.0.12.1+1-LTS) for windows-amd64 JRE (21.0.12.1+1-LTS), built on 2026-08-18T00:00:00Z by "admin" with MS VC++ 17.12 (VS2022)

END.
